// Jest Snapshot v1, https://goo.gl/fbAQLP

exports[`should render LoginPage correctly 1`] = `
<div
  className="box-layout"
>
  <div
    className="box-layout__box"
  >
    <h1
      className="box-layout__box_title"
    >
      Expensify
    </h1>
    <p>
      It's time to get your expenses saved and controlled!!!
    </p>
    <button
      className="login-button"
    >
      Login with Google
    </button>
  </div>
</div>
`;
